<!DOCTYPE html>
<html>
  <head>
    <title>string</title>
  </head>
  <body>
    hello
  </body>
</html>
